  o  m2/INIT/INV/inv1
  o  m2/INIT/INV/inv2
  o  m2/LIVE/prog10/ensure/TR/count/EN
  o  m2/LIVE/prog10/ensure/TR/count/NEG
  o  m2/LIVE/prog11/ensure/TR/WFIS/p/p@prime
  o  m2/LIVE/prog11/ensure/TR/visit/NEG
  o  m2/LIVE/prog6/ensure/TR/WFIS/p/p@prime
  o  m2/LIVE/prog6/ensure/TR/flick/EN
  o  m2/LIVE/prog6/ensure/TR/flick/NEG
  o  m2/LIVE/prog7/ensure/TR/count/EN
  o  m2/LIVE/prog7/ensure/TR/count/NEG
  o  m2/count/INV/inv1
  o  m2/count/INV/inv2
  o  m2/count/SAF/LIVE/prog11/ensure
  o  m2/count/SAF/LIVE/prog6/ensure
  o  m2/count/SAF/LIVE/prog7/ensure
  o  m2/count/SAF/saf3
  o  m2/count/SAF/saf8
  o  m2/flick/INV/inv1
  o  m2/flick/INV/inv2
  o  m2/flick/SAF/LIVE/prog11/ensure
  o  m2/flick/SAF/LIVE/prog6/ensure
  o  m2/flick/SAF/LIVE/prog7/ensure
  o  m2/flick/SAF/saf3
  o  m2/flick/SAF/saf8
  o  m2/flick/SCH/grd0
  o  m2/flick/SCH/grd1
  o  m2/prog4/LIVE/transitivity/mhs/0/1
  o  m2/prog4/LIVE/transitivity/rhs
  o  m2/prog5/LIVE/PSP/lhs
  o  m2/prog5/LIVE/PSP/rhs
  o  m2/prog8/LIVE/transitivity/lhs
  o  m2/prog8/LIVE/transitivity/mhs/0/1
  o  m2/prog8/LIVE/transitivity/mhs/1/2
  o  m2/prog8/LIVE/transitivity/rhs
  o  m2/prog9/LIVE/induction/lhs
  o  m2/prog9/LIVE/induction/rhs
  o  m2/term/C_SCH/delay/0/prog/prog4/rhs/sch2
  o  m2/term/C_SCH/delay/0/saf/count/SAF/term
  o  m2/term/C_SCH/delay/0/saf/flick/SAF/term
  o  m2/term/C_SCH/delay/0/saf/visit/SAF/term
  o  m2/term/GRD/str/sch1
  o  m2/term/INV/inv1
  o  m2/term/INV/inv2
  o  m2/term/SAF/LIVE/prog11/ensure
  o  m2/term/SAF/LIVE/prog6/ensure
  o  m2/term/SAF/LIVE/prog7/ensure
  o  m2/term/SAF/saf3
  o  m2/term/SAF/saf8
  o  m2/term/SCH/grd0
  o  m2/visit/INV/inv1
  o  m2/visit/INV/inv2
  o  m2/visit/SAF/LIVE/prog11/ensure
  o  m2/visit/SAF/LIVE/prog6/ensure
  o  m2/visit/SAF/LIVE/prog7/ensure
  o  m2/visit/SAF/saf3
  o  m2/visit/SAF/saf8
passed 57 / 57
