error 227:2:
    deleted variable 'xyz' does not exist
