  o  m0/LIVE/prog0/ensure/TR/term/NEG
passed 1 / 1
