  o  m0/INIT/INV/m0:inv0
  o  m0/INIT/INV/m0:inv1
  o  m0/INIT/INV/m0:inv2
  o  m0/alloc/INV/m0:inv0
  o  m0/alloc/INV/m0:inv1
  o  m0/alloc/INV/m0:inv2
  o  m0/free/INV/m0:inv0
  o  m0/free/INV/m0:inv1
  o  m0/free/INV/m0:inv2
  o  m0/free/SCH/m0:grd0
passed 10 / 10
