("<=","+")
("<=","-")
("=>","<=")
("=>","=>")
("=>","and")
("=>","not")
("=>","or")
("=>","st-subset")
("=>","subset")
("st-subset","compl")
("subset","compl")
("subset","intersect")
("subset","seq")
("subset","set-diff")
("subset","star")
("subset","union")
