  o  m0/INIT/INV/inv0
 xxx m0/act/INV/inv0
passed 1 / 2
