error 48:1:
    event(s) leave have indices and require witnesses
