Multiple expressions with the label m0:sch0
error 484:1:
	deleted coarse schedule (event 'hdl:popL:more')

error 599:5:
	deleted coarse schedule (event 'hdl:popL:more')


Multiple expressions with the label m0:sch0
error 526:1:
	deleted coarse schedule (event 'hdl:popL:one')

error 600:5:
	deleted coarse schedule (event 'hdl:popL:one')

