error 223:5:
    A witness is needed for r in event 'm0:pop:left:empty'

error 223:5:
    A witness is needed for r in event 'm0:pop:left:non:empty'
