error 633:1:
    goal m1:prog2 is not a valid progress property
