Multiple expressions with the label m0:inv0
error 42:1:
	invariant

error 44:4:
	invariant


Multiple expressions with the label m0:grd0
error 86:4:
	guard (event 'm0:pop:right')

error 87:4:
	guard (event 'm0:pop:right')

