  o  m3/INIT/INV/m3:inv0
  o  m3/INIT/INV/m3:inv1
  o  m3/INIT/INV/m3:inv2
  o  m3/add:popL/INV/m3:inv0
  o  m3/add:popL/INV/m3:inv1
  o  m3/add:popL/INV/m3:inv2
  o  m3/add:popR/INV/m3:inv0
  o  m3/add:popR/INV/m3:inv1
  o  m3/add:popR/INV/m3:inv2
  o  m3/add:pushL/INV/m3:inv0
  o  m3/add:pushL/INV/m3:inv1
  o  m3/add:pushL/INV/m3:inv2
  o  m3/add:pushR/INV/m3:inv0
  o  m3/add:pushR/INV/m3:inv1
  o  m3/add:pushR/INV/m3:inv2
  o  m3/handle:popL/C_SCH/delay/0/prog/m3:prog0/lhs
  o  m3/handle:popL/C_SCH/delay/0/prog/m3:prog0/rhs/split
  o  m3/handle:popL/C_SCH/delay/0/saf/add:popL/SAF/handle:popL:empty
  o  m3/handle:popL/C_SCH/delay/0/saf/add:popL/SAF/handle:popL:non:empty
  o  m3/handle:popL/C_SCH/delay/0/saf/add:popR/SAF/handle:popL:empty
  o  m3/handle:popL/C_SCH/delay/0/saf/add:popR/SAF/handle:popL:non:empty
  o  m3/handle:popL/C_SCH/delay/0/saf/add:pushL/SAF/handle:popL:empty
  o  m3/handle:popL/C_SCH/delay/0/saf/add:pushL/SAF/handle:popL:non:empty
  o  m3/handle:popL/C_SCH/delay/0/saf/add:pushR/SAF/handle:popL:empty
  o  m3/handle:popL/C_SCH/delay/0/saf/add:pushR/SAF/handle:popL:non:empty
  o  m3/handle:popL/C_SCH/delay/0/saf/handle:popL:empty/SAF/handle:popL:empty
  o  m3/handle:popL/C_SCH/delay/0/saf/handle:popL:empty/SAF/handle:popL:non:empty
  o  m3/handle:popL/C_SCH/delay/0/saf/handle:popL:non:empty/SAF/handle:popL:empty
  o  m3/handle:popL/C_SCH/delay/0/saf/handle:popL:non:empty/SAF/handle:popL:non:empty
  o  m3/handle:popL/C_SCH/delay/0/saf/handle:popR:empty/SAF/handle:popL:empty
  o  m3/handle:popL/C_SCH/delay/0/saf/handle:popR:empty/SAF/handle:popL:non:empty
  o  m3/handle:popL/C_SCH/delay/0/saf/handle:popR:non:empty/SAF/handle:popL:empty
  o  m3/handle:popL/C_SCH/delay/0/saf/handle:popR:non:empty/SAF/handle:popL:non:empty
  o  m3/handle:popL/C_SCH/delay/0/saf/handle:pushL/SAF/handle:popL:empty
  o  m3/handle:popL/C_SCH/delay/0/saf/handle:pushL/SAF/handle:popL:non:empty
  o  m3/handle:popL/C_SCH/delay/0/saf/handle:pushR/SAF/handle:popL:empty
  o  m3/handle:popL/C_SCH/delay/0/saf/handle:pushR/SAF/handle:popL:non:empty
  o  m3/handle:popL/C_SCH/delay/0/saf/return/SAF/handle:popL:empty
  o  m3/handle:popL/C_SCH/delay/0/saf/return/SAF/handle:popL:non:empty
  o  m3/handle:popL/F_SCH/replace/eqv
  o  m3/handle:popL:empty/INV/m3:inv0
  o  m3/handle:popL:empty/INV/m3:inv1
  o  m3/handle:popL:empty/INV/m3:inv2
  o  m3/handle:popL:non:empty/INV/m3:inv0
  o  m3/handle:popL:non:empty/INV/m3:inv1
  o  m3/handle:popL:non:empty/INV/m3:inv2
  o  m3/handle:popL:non:empty/WD/ACT/m3:act0
  o  m3/handle:popR/C_SCH/delay/0/prog/m3:prog0/lhs
  o  m3/handle:popR/C_SCH/delay/0/prog/m3:prog0/rhs/split
  o  m3/handle:popR/C_SCH/delay/0/saf/add:popL/SAF/handle:popR:empty
  o  m3/handle:popR/C_SCH/delay/0/saf/add:popL/SAF/handle:popR:non:empty
  o  m3/handle:popR/C_SCH/delay/0/saf/add:popR/SAF/handle:popR:empty
  o  m3/handle:popR/C_SCH/delay/0/saf/add:popR/SAF/handle:popR:non:empty
  o  m3/handle:popR/C_SCH/delay/0/saf/add:pushL/SAF/handle:popR:empty
  o  m3/handle:popR/C_SCH/delay/0/saf/add:pushL/SAF/handle:popR:non:empty
  o  m3/handle:popR/C_SCH/delay/0/saf/add:pushR/SAF/handle:popR:empty
  o  m3/handle:popR/C_SCH/delay/0/saf/add:pushR/SAF/handle:popR:non:empty
  o  m3/handle:popR/C_SCH/delay/0/saf/handle:popL:empty/SAF/handle:popR:empty
  o  m3/handle:popR/C_SCH/delay/0/saf/handle:popL:empty/SAF/handle:popR:non:empty
  o  m3/handle:popR/C_SCH/delay/0/saf/handle:popL:non:empty/SAF/handle:popR:empty
  o  m3/handle:popR/C_SCH/delay/0/saf/handle:popL:non:empty/SAF/handle:popR:non:empty
  o  m3/handle:popR/C_SCH/delay/0/saf/handle:popR:empty/SAF/handle:popR:empty
  o  m3/handle:popR/C_SCH/delay/0/saf/handle:popR:empty/SAF/handle:popR:non:empty
  o  m3/handle:popR/C_SCH/delay/0/saf/handle:popR:non:empty/SAF/handle:popR:empty
  o  m3/handle:popR/C_SCH/delay/0/saf/handle:popR:non:empty/SAF/handle:popR:non:empty
  o  m3/handle:popR/C_SCH/delay/0/saf/handle:pushL/SAF/handle:popR:empty
  o  m3/handle:popR/C_SCH/delay/0/saf/handle:pushL/SAF/handle:popR:non:empty
  o  m3/handle:popR/C_SCH/delay/0/saf/handle:pushR/SAF/handle:popR:empty
  o  m3/handle:popR/C_SCH/delay/0/saf/handle:pushR/SAF/handle:popR:non:empty
  o  m3/handle:popR/C_SCH/delay/0/saf/return/SAF/handle:popR:empty
  o  m3/handle:popR/C_SCH/delay/0/saf/return/SAF/handle:popR:non:empty
  o  m3/handle:popR/F_SCH/replace/eqv
  o  m3/handle:popR:empty/INV/m3:inv0
  o  m3/handle:popR:empty/INV/m3:inv1
  o  m3/handle:popR:empty/INV/m3:inv2
  o  m3/handle:popR:non:empty/INV/m3:inv0
  o  m3/handle:popR:non:empty/INV/m3:inv1
  o  m3/handle:popR:non:empty/INV/m3:inv2
  o  m3/handle:popR:non:empty/WD/ACT/m3:act0
  o  m3/handle:pushL/INV/m3:inv0
  o  m3/handle:pushL/INV/m3:inv1
  o  m3/handle:pushL/INV/m3:inv2
  o  m3/handle:pushR/INV/m3:inv0
  o  m3/handle:pushR/INV/m3:inv1
  o  m3/handle:pushR/INV/m3:inv2
  o  m3/m3:prog0/LIVE/implication
  o  m3/return/FIS/result@prime
  o  m3/return/INV/m3:inv0
  o  m3/return/INV/m3:inv1
  o  m3/return/INV/m3:inv2
  o  m3/return/WD/ACT/m3:act1
passed 91 / 91
