  o  m0/LIVE/prog0/ensure/TR/handle/EN
  o  m0/LIVE/prog0/ensure/TR/handle/NEG
  o  m0/LIVE/prog1/ensure/TR/handle/EN
  o  m0/LIVE/prog1/ensure/TR/handle/NEG
  o  m0/SKIP/CO/co0
  o  m0/handle/CO/co0
  o  m0/handle/SAF/LIVE/prog0/ensure
  o  m0/handle/SAF/LIVE/prog1/ensure
  o  m0/handle/SCH
  o  m0/handle/SCH/r
  o  m0/req/CO/co0
  o  m0/req/SAF/LIVE/prog0/ensure
  o  m0/req/SAF/LIVE/prog1/ensure
  o  m0/req/SCH/r
passed 14 / 14
