  o  m1/hdl:popL:more/GRD/str/m0:sch0
passed 1 / 1
